Starting Dynare (version 7.0).
Calling Dynare with arguments: none
Starting preprocessing of the model file ... 
Found 5 equation(s). 
Evaluating expressions... 
Computing static model derivatives (order 1). 
Normalizing the static model... 
Finding the optimal block decomposition of the static model... 
1 block(s) found: 
  0 recursive block(s) and 1 simultaneous block(s). 
  the largest simultaneous block has 5 equation(s) 
                                 and 5 feedback variable(s). 
Computing dynamic model derivatives (order 2). 
Normalizing the dynamic model... 
Finding the optimal block decomposition of the dynamic model... 
1 block(s) found: 
  0 recursive block(s) and 1 simultaneous block(s). 
  the largest simultaneous block has 5 equation(s) 
                                 and 5 feedback variable(s). 
Preprocessing completed. 
Preprocessing time: 0h00m00s.

STEADY-STATE RESULTS:

C 		 25.5189
H 		 0.305287
K 		 305.302
Y 		 43.837
I 		 18.3181
Total computing time : 0h00m00s
